/COM,ANSYS RELEASE 2026 R1           BUILD 26.1      UP20260202       21:44:37

 *** WARNING ***                         ELAPSED TIME =       5.877   TIME= 21:44:38
 Constraints on both nodes of CONTA178 2 have been detected.  This may   
 cause overconstraint (zero pivot).                                      

 *** WARNING ***                         ELAPSED TIME =       6.184   TIME= 21:44:39
 Pivoting has been activated for the Sparse Matrix Solver.  The memory   
 required may greatly exceed the predicted amount.  In that event, use   
 the DSPOPTION command to change the memory mode and/or memory size      
 used by the Sparse Matrix Solver.                                       

 *** WARNING ***                         ELAPSED TIME =       6.197   TIME= 21:44:39
 A reference force value times the tolerance is used by the              
 Newton-Raphson method for checking convergence.  The calculated         
 reference FORCE CONVERGENCE VALUE = 3.165130001E-16 is less than a      
 threshold.  This threshold is internally calculated.  You can           
 overwrite it by specifying MINREF on the CNVTOL command.  Check         
 results carefully.                                                      

 *** WARNING ***                         ELAPSED TIME =       6.464   TIME= 21:44:39
 A reference force value times the tolerance is used by the              
 Newton-Raphson method for checking convergence.  The calculated         
 reference FORCE CONVERGENCE VALUE = 1.847905657E-15 is less than a      
 threshold.  This threshold is internally calculated.  You can           
 overwrite it by specifying MINREF on the CNVTOL command.  Check         
 results carefully.                                                      

 *** WARNING ***                         ELAPSED TIME =       6.906   TIME= 21:44:39
 A reference force value times the tolerance is used by the              
 Newton-Raphson method for checking convergence.  The calculated         
 reference FORCE CONVERGENCE VALUE = 4.964072167E-16 is less than a      
 threshold.  This threshold is internally calculated.  You can           
 overwrite it by specifying MINREF on the CNVTOL command.  Check         
 results carefully.                                                      

 *** WARNING ***                         ELAPSED TIME =       7.032   TIME= 21:44:39
 The ETABLE command has requested item = NMISC, comp = 1 of element 1    
 (element type SOLID185).  0.0 is output, as this item does not exist.   
 Checking for this discontinues.                                         
