/COM,ANSYS RELEASE 2026 R1           BUILD 26.1      UP20260202       20:37:14

 *** WARNING ***                         ELAPSED TIME =       6.372   TIME= 20:37:16
 A reference force value times the tolerance is used by the              
 Newton-Raphson method for checking convergence.  The calculated         
 reference FORCE CONVERGENCE VALUE = 8.632480959E-04 is less than a      
 threshold.  This threshold is internally calculated.  You can           
 overwrite it by specifying MINREF on the CNVTOL command.  Check         
 results carefully.                                                      

 *** WARNING ***                         ELAPSED TIME =      23.055   TIME= 20:37:33
 A reference force value times the tolerance is used by the              
 Newton-Raphson method for checking convergence.  The calculated         
 reference FORCE CONVERGENCE VALUE = 4.190292571E-03 is less than a      
 threshold.  This threshold is internally calculated.  You can           
 overwrite it by specifying MINREF on the CNVTOL command.  Check         
 results carefully.                                                      

 *** WARNING ***                         ELAPSED TIME =      27.398   TIME= 20:37:37
 A reference force value times the tolerance is used by the              
 Newton-Raphson method for checking convergence.  The calculated         
 reference FORCE CONVERGENCE VALUE = 7.699764512E-04 is less than a      
 threshold.  This threshold is internally calculated.  You can           
 overwrite it by specifying MINREF on the CNVTOL command.  Check         
 results carefully.                                                      
