/COM,ANSYS RELEASE 2026 R1           BUILD 26.1      UP20260202       21:47:13

 *** WARNING ***                         ELAPSED TIME =       6.183   TIME= 21:47:15
 A reference force value times the tolerance is used by the              
 Newton-Raphson method for checking convergence.  The calculated         
 reference FORCE CONVERGENCE VALUE = 7.274505987E-05 is less than a      
 threshold.  This threshold is internally calculated.  You can           
 overwrite it by specifying MINREF on the CNVTOL command.  Check         
 results carefully.                                                      

 *** WARNING ***                         ELAPSED TIME =     118.871   TIME= 21:49:08
 A reference force value times the tolerance is used by the              
 Newton-Raphson method for checking convergence.  The calculated         
 reference FORCE CONVERGENCE VALUE = 9.989430297E-03 is less than a      
 threshold.  This threshold is internally calculated.  You can           
 overwrite it by specifying MINREF on the CNVTOL command.  Check         
 results carefully.                                                      

 *** WARNING ***                         ELAPSED TIME =     228.208   TIME= 21:50:57
 A reference force value times the tolerance is used by the              
 Newton-Raphson method for checking convergence.  The calculated         
 reference FORCE CONVERGENCE VALUE = 8.240189916E-03 is less than a      
 threshold.  This threshold is internally calculated.  You can           
 overwrite it by specifying MINREF on the CNVTOL command.  Check         
 results carefully.                                                      

 *** WARNING ***                         ELAPSED TIME =     241.803   TIME= 21:51:11
 During this session the elapsed time exceeds the CPU time by 134%.      
 This often indicates either a lack of physical memory (RAM) required    
 to efficiently handle this simulation or a particularly slow hard       
 drive configuration.  This simulation can be expected to run faster on  
 identical hardware if additional RAM or a faster hard drive             
 configuration is made available.  For more details, please see the      
 Mechanical APDL Performance Guide which is part of the Ansys Help       
 system.                                                                 
